[2026-01-29T08:25:51.792Z] [INFO] Sync to BC started | {"tenantSlug":"empresa-demo","companyId":"b19e3410-5318-4dfc-8422-8c1ee47d957c"}
[2026-01-29T08:25:51.794Z] [INFO] Sync requested by user | {"resourceNo":"R0010"}
[2026-01-29T08:25:52.021Z] [INFO] Pending entries found | {"count":4,"companyId":"b19e3410-5318-4dfc-8422-8c1ee47d957c","resourceNo":"R0010"}
[2026-01-29T08:25:52.022Z] [DEBUG] Syncing entry to BC | {"entryId":"6860b271-11af-42d9-9023-5e735ecc8c47","batch":"TT-ELY-WEB","description":"Timesheet entry for 2026-01-14"}
[2026-01-29T08:25:52.023Z] [DEBUG] Creating new BC journal line | {"entryId":"6860b271-11af-42d9-9023-5e735ecc8c47"}
[2026-01-29T08:25:53.388Z] [DEBUG] Supabase update result | {"entryId":"6860b271-11af-42d9-9023-5e735ecc8c47","hasError":false,"error":null,"updatedCount":1}
[2026-01-29T08:25:53.389Z] [INFO] ✅ Entry synced successfully to BC | {"entryId":"6860b271-11af-42d9-9023-5e735ecc8c47","batch":"TT-ELY-WEB","journalId":"6981081a-ecfc-f011-8405-7ced8d6bdb04","lineNo":80000,"updatedInDb":true}
[2026-01-29T08:25:53.389Z] [DEBUG] Syncing entry to BC | {"entryId":"b19320ad-9a2b-4335-9cbe-f3988e1ea22a","batch":"TT-ELY-WEB","description":"Timesheet entry for 2026-01-14"}
[2026-01-29T08:25:53.390Z] [DEBUG] Creating new BC journal line | {"entryId":"b19320ad-9a2b-4335-9cbe-f3988e1ea22a"}
[2026-01-29T08:25:53.560Z] [DEBUG] Supabase update result | {"entryId":"b19320ad-9a2b-4335-9cbe-f3988e1ea22a","hasError":false,"error":null,"updatedCount":1}
[2026-01-29T08:25:53.561Z] [INFO] ✅ Entry synced successfully to BC | {"entryId":"b19320ad-9a2b-4335-9cbe-f3988e1ea22a","batch":"TT-ELY-WEB","journalId":"6a81081a-ecfc-f011-8405-7ced8d6bdb04","lineNo":90000,"updatedInDb":true}
[2026-01-29T08:25:53.563Z] [DEBUG] Syncing entry to BC | {"entryId":"27afbb06-8b76-41d5-9da5-9b2daa4f3db6","batch":"TT-ELY-WEB","description":"Timesheet entry for 2026-01-15"}
[2026-01-29T08:25:53.563Z] [DEBUG] Creating new BC journal line | {"entryId":"27afbb06-8b76-41d5-9da5-9b2daa4f3db6"}
[2026-01-29T08:25:53.717Z] [DEBUG] Supabase update result | {"entryId":"27afbb06-8b76-41d5-9da5-9b2daa4f3db6","hasError":false,"error":null,"updatedCount":1}
[2026-01-29T08:25:53.718Z] [INFO] ✅ Entry synced successfully to BC | {"entryId":"27afbb06-8b76-41d5-9da5-9b2daa4f3db6","batch":"TT-ELY-WEB","journalId":"6b81081a-ecfc-f011-8405-7ced8d6bdb04","lineNo":100000,"updatedInDb":true}
[2026-01-29T08:25:53.719Z] [DEBUG] Syncing entry to BC | {"entryId":"31f74173-f6e0-4ad9-924e-c366d0c46dd6","batch":"TT-ELY-WEB","description":"Timesheet entry for 2026-01-15"}
[2026-01-29T08:25:53.720Z] [DEBUG] Creating new BC journal line | {"entryId":"31f74173-f6e0-4ad9-924e-c366d0c46dd6"}
[2026-01-29T08:25:53.876Z] [DEBUG] Supabase update result | {"entryId":"31f74173-f6e0-4ad9-924e-c366d0c46dd6","hasError":false,"error":null,"updatedCount":1}
[2026-01-29T08:25:53.876Z] [INFO] ✅ Entry synced successfully to BC | {"entryId":"31f74173-f6e0-4ad9-924e-c366d0c46dd6","batch":"TT-ELY-WEB","journalId":"6c81081a-ecfc-f011-8405-7ced8d6bdb04","lineNo":110000,"updatedInDb":true}
[2026-01-29T08:25:53.978Z] [INFO] Batch record created | {"batchName":"TT-ELY-WEB","entries":4,"hours":"13.00"}
[2026-01-29T08:25:54.091Z] [INFO] Sync to BC completed | {"synced":4,"failed":0,"batches":"TT-ELY-WEB","durationMs":2086}
[2026-01-29T08:25:56.939Z] [WARN] Entry deleted in BC detected during load | {"entryId":"dfbd5563-149d-4896-bcc6-115c7cb3ce91","bcJournalId":"01102614-46d0-f011-8542-7ced8d6ba699"}
[2026-01-29T08:25:57.017Z] [WARN] Entry deleted in BC detected during load | {"entryId":"7760f455-4b80-418b-8800-323abcf9381e","bcJournalId":"00102614-46d0-f011-8542-7ced8d6ba699"}
[2026-01-29T08:25:57.076Z] [WARN] Entry deleted in BC detected during load | {"entryId":"d5ba314d-0a45-461c-bb43-8f52e06020fa","bcJournalId":"ff0f2614-46d0-f011-8542-7ced8d6ba699"}
[2026-01-29T08:25:57.147Z] [WARN] Entry deleted in BC detected during load | {"entryId":"800e8305-d5c0-4434-9a9e-741a9d66e337","bcJournalId":"fe0f2614-46d0-f011-8542-7ced8d6ba699"}
[2026-01-29T08:25:57.210Z] [WARN] Entry deleted in BC detected during load | {"entryId":"07285594-1b05-496f-9aa1-194247c514c6","bcJournalId":"3cf572e5-e1ce-f011-8542-7c1e522d5b21"}
[2026-01-29T08:25:57.273Z] [WARN] Entry deleted in BC detected during load | {"entryId":"e0b1cfd1-c453-4c32-acb3-e2cda7aebb25","bcJournalId":"3bf572e5-e1ce-f011-8542-7c1e522d5b21"}
[2026-01-29T08:25:57.334Z] [WARN] Entry deleted in BC detected during load | {"entryId":"7ba1a2c5-21df-472c-a58a-a154d759bc1f","bcJournalId":"2407e78f-c8ce-f011-8542-7c1e522d5b21"}
[2026-01-29T08:25:57.407Z] [WARN] Entry deleted in BC detected during load | {"entryId":"bf7129f4-584c-4a58-956d-7959de5a7581","bcJournalId":"2e6dab66-c4ce-f011-8542-7ced8d6ba699"}
[2026-01-29T08:25:57.464Z] [WARN] Entry deleted in BC detected during load | {"entryId":"ec883a63-df85-423b-b0c5-e90a81e39d05","bcJournalId":"3824307e-c1ce-f011-8542-7ced8d6ba699"}
[2026-01-29T08:29:16.167Z] [INFO] Bulk save time entries | {"tenant":"empresa-demo","rawData":{"companyId":"b19e3410-5318-4dfc-8422-8c1ee47d957c","entries":[{"bc_job_id":"DEMO","bc_task_id":"TASK 1","date":"2026-01-16","hours":8,"description":"Timesheet entry for 2026-01-16"}]}}
[2026-01-29T08:29:16.480Z] [INFO] Bulk save completed | {"created":1,"updated":0,"deleted":0,"failed":0,"errors":[]}
[2026-01-29T08:29:20.987Z] [INFO] Sync to BC started | {"tenantSlug":"empresa-demo","companyId":"b19e3410-5318-4dfc-8422-8c1ee47d957c"}
[2026-01-29T08:29:20.988Z] [INFO] Sync requested by user | {"resourceNo":"R0010"}
[2026-01-29T08:29:21.115Z] [INFO] Pending entries found | {"count":10,"companyId":"b19e3410-5318-4dfc-8422-8c1ee47d957c","resourceNo":"R0010"}
[2026-01-29T08:29:21.116Z] [DEBUG] Syncing entry to BC | {"entryId":"ec883a63-df85-423b-b0c5-e90a81e39d05","batch":"TT-ELY-WEB","description":"TEST APROVAL STATUS"}
[2026-01-29T08:29:21.117Z] [DEBUG] Creating new BC journal line | {"entryId":"ec883a63-df85-423b-b0c5-e90a81e39d05"}
[2026-01-29T08:29:21.563Z] [DEBUG] Supabase update result | {"entryId":"ec883a63-df85-423b-b0c5-e90a81e39d05","hasError":false,"error":null,"updatedCount":1}
[2026-01-29T08:29:21.564Z] [INFO] ✅ Entry synced successfully to BC | {"entryId":"ec883a63-df85-423b-b0c5-e90a81e39d05","batch":"TT-ELY-WEB","journalId":"06a67b98-ecfc-f011-8405-7ced8d6bdb04","lineNo":120000,"updatedInDb":true}
[2026-01-29T08:29:21.565Z] [DEBUG] Syncing entry to BC | {"entryId":"bf7129f4-584c-4a58-956d-7959de5a7581","batch":"TT-ELY-WEB","description":"TEST PENDING APPROVAL"}
[2026-01-29T08:29:21.566Z] [DEBUG] Creating new BC journal line | {"entryId":"bf7129f4-584c-4a58-956d-7959de5a7581"}
[2026-01-29T08:29:21.754Z] [DEBUG] Supabase update result | {"entryId":"bf7129f4-584c-4a58-956d-7959de5a7581","hasError":false,"error":null,"updatedCount":1}
[2026-01-29T08:29:21.755Z] [INFO] ✅ Entry synced successfully to BC | {"entryId":"bf7129f4-584c-4a58-956d-7959de5a7581","batch":"TT-ELY-WEB","journalId":"07a67b98-ecfc-f011-8405-7ced8d6bdb04","lineNo":130000,"updatedInDb":true}
[2026-01-29T08:29:21.757Z] [DEBUG] Syncing entry to BC | {"entryId":"7ba1a2c5-21df-472c-a58a-a154d759bc1f","batch":"TT-ELY-WEB","description":"TEST NEW"}
[2026-01-29T08:29:21.757Z] [DEBUG] Creating new BC journal line | {"entryId":"7ba1a2c5-21df-472c-a58a-a154d759bc1f"}
[2026-01-29T08:29:21.923Z] [DEBUG] Supabase update result | {"entryId":"7ba1a2c5-21df-472c-a58a-a154d759bc1f","hasError":false,"error":null,"updatedCount":1}
[2026-01-29T08:29:21.923Z] [INFO] ✅ Entry synced successfully to BC | {"entryId":"7ba1a2c5-21df-472c-a58a-a154d759bc1f","batch":"TT-ELY-WEB","journalId":"08a67b98-ecfc-f011-8405-7ced8d6bdb04","lineNo":140000,"updatedInDb":true}
[2026-01-29T08:29:21.924Z] [DEBUG] Syncing entry to BC | {"entryId":"e0b1cfd1-c453-4c32-acb3-e2cda7aebb25","batch":"TT-ELY-WEB","description":"TEST"}
[2026-01-29T08:29:21.925Z] [DEBUG] Creating new BC journal line | {"entryId":"e0b1cfd1-c453-4c32-acb3-e2cda7aebb25"}
[2026-01-29T08:29:22.080Z] [DEBUG] Supabase update result | {"entryId":"e0b1cfd1-c453-4c32-acb3-e2cda7aebb25","hasError":false,"error":null,"updatedCount":1}
[2026-01-29T08:29:22.080Z] [INFO] ✅ Entry synced successfully to BC | {"entryId":"e0b1cfd1-c453-4c32-acb3-e2cda7aebb25","batch":"TT-ELY-WEB","journalId":"09a67b98-ecfc-f011-8405-7ced8d6bdb04","lineNo":150000,"updatedInDb":true}
[2026-01-29T08:29:22.081Z] [DEBUG] Syncing entry to BC | {"entryId":"07285594-1b05-496f-9aa1-194247c514c6","batch":"TT-ELY-WEB","description":"TEST 2"}
[2026-01-29T08:29:22.082Z] [DEBUG] Creating new BC journal line | {"entryId":"07285594-1b05-496f-9aa1-194247c514c6"}
[2026-01-29T08:29:22.236Z] [DEBUG] Supabase update result | {"entryId":"07285594-1b05-496f-9aa1-194247c514c6","hasError":false,"error":null,"updatedCount":1}
[2026-01-29T08:29:22.237Z] [INFO] ✅ Entry synced successfully to BC | {"entryId":"07285594-1b05-496f-9aa1-194247c514c6","batch":"TT-ELY-WEB","journalId":"0aa67b98-ecfc-f011-8405-7ced8d6bdb04","lineNo":160000,"updatedInDb":true}
[2026-01-29T08:29:22.238Z] [DEBUG] Syncing entry to BC | {"entryId":"800e8305-d5c0-4434-9a9e-741a9d66e337","batch":"TT-ELY-WEB","description":"DEMO ENTRY"}
[2026-01-29T08:29:22.239Z] [DEBUG] Creating new BC journal line | {"entryId":"800e8305-d5c0-4434-9a9e-741a9d66e337"}
[2026-01-29T08:29:22.792Z] [DEBUG] Supabase update result | {"entryId":"800e8305-d5c0-4434-9a9e-741a9d66e337","hasError":false,"error":null,"updatedCount":1}
[2026-01-29T08:29:22.792Z] [INFO] ✅ Entry synced successfully to BC | {"entryId":"800e8305-d5c0-4434-9a9e-741a9d66e337","batch":"TT-ELY-WEB","journalId":"0ba67b98-ecfc-f011-8405-7ced8d6bdb04","lineNo":170000,"updatedInDb":true}
[2026-01-29T08:29:22.793Z] [DEBUG] Syncing entry to BC | {"entryId":"d5ba314d-0a45-461c-bb43-8f52e06020fa","batch":"TT-ELY-WEB","description":"DEMO ENTRY 3"}
[2026-01-29T08:29:22.794Z] [DEBUG] Creating new BC journal line | {"entryId":"d5ba314d-0a45-461c-bb43-8f52e06020fa"}
[2026-01-29T08:29:22.949Z] [DEBUG] Supabase update result | {"entryId":"d5ba314d-0a45-461c-bb43-8f52e06020fa","hasError":false,"error":null,"updatedCount":1}
[2026-01-29T08:29:22.950Z] [INFO] ✅ Entry synced successfully to BC | {"entryId":"d5ba314d-0a45-461c-bb43-8f52e06020fa","batch":"TT-ELY-WEB","journalId":"0ca67b98-ecfc-f011-8405-7ced8d6bdb04","lineNo":180000,"updatedInDb":true}
[2026-01-29T08:29:22.951Z] [DEBUG] Syncing entry to BC | {"entryId":"7760f455-4b80-418b-8800-323abcf9381e","batch":"TT-ELY-WEB","description":"DEMO ENTRY 2"}
[2026-01-29T08:29:22.951Z] [DEBUG] Creating new BC journal line | {"entryId":"7760f455-4b80-418b-8800-323abcf9381e"}
[2026-01-29T08:29:23.113Z] [DEBUG] Supabase update result | {"entryId":"7760f455-4b80-418b-8800-323abcf9381e","hasError":false,"error":null,"updatedCount":1}
[2026-01-29T08:29:23.114Z] [INFO] ✅ Entry synced successfully to BC | {"entryId":"7760f455-4b80-418b-8800-323abcf9381e","batch":"TT-ELY-WEB","journalId":"0da67b98-ecfc-f011-8405-7ced8d6bdb04","lineNo":190000,"updatedInDb":true}
[2026-01-29T08:29:23.115Z] [DEBUG] Syncing entry to BC | {"entryId":"dfbd5563-149d-4896-bcc6-115c7cb3ce91","batch":"TT-ELY-WEB","description":"TEST OVERLOAD"}
[2026-01-29T08:29:23.116Z] [DEBUG] Creating new BC journal line | {"entryId":"dfbd5563-149d-4896-bcc6-115c7cb3ce91"}
[2026-01-29T08:29:23.280Z] [DEBUG] Supabase update result | {"entryId":"dfbd5563-149d-4896-bcc6-115c7cb3ce91","hasError":false,"error":null,"updatedCount":1}
[2026-01-29T08:29:23.281Z] [INFO] ✅ Entry synced successfully to BC | {"entryId":"dfbd5563-149d-4896-bcc6-115c7cb3ce91","batch":"TT-ELY-WEB","journalId":"0ea67b98-ecfc-f011-8405-7ced8d6bdb04","lineNo":200000,"updatedInDb":true}
[2026-01-29T08:29:23.282Z] [DEBUG] Syncing entry to BC | {"entryId":"89a83b47-7a01-4c19-a8e7-17430eed82e2","batch":"TT-ELY-WEB","description":"Timesheet entry for 2026-01-16"}
[2026-01-29T08:29:23.282Z] [DEBUG] Creating new BC journal line | {"entryId":"89a83b47-7a01-4c19-a8e7-17430eed82e2"}
[2026-01-29T08:29:23.439Z] [DEBUG] Supabase update result | {"entryId":"89a83b47-7a01-4c19-a8e7-17430eed82e2","hasError":false,"error":null,"updatedCount":1}
[2026-01-29T08:29:23.440Z] [INFO] ✅ Entry synced successfully to BC | {"entryId":"89a83b47-7a01-4c19-a8e7-17430eed82e2","batch":"TT-ELY-WEB","journalId":"0fa67b98-ecfc-f011-8405-7ced8d6bdb04","lineNo":210000,"updatedInDb":true}
[2026-01-29T08:29:23.509Z] [INFO] Batch record created | {"batchName":"TT-ELY-WEB","entries":10,"hours":"29.50"}
[2026-01-29T08:29:23.584Z] [INFO] Sync to BC completed | {"synced":10,"failed":0,"batches":"TT-ELY-WEB","durationMs":2455}
[2026-01-29T08:29:52.439Z] [INFO] Admin login attempt | {"username":"admin"}
[2026-01-29T08:29:52.698Z] [INFO] Admin login successful | {"username":"admin","userId":"ecb721c0-7e82-46ec-8d27-9e0a069bc1c3"}
[2026-01-29T08:36:06.032Z] [INFO] Bulk save time entries | {"tenant":"empresa-demo","rawData":{"companyId":"b19e3410-5318-4dfc-8422-8c1ee47d957c","entries":[{"bc_job_id":"DEMO","bc_task_id":"TASK 1","date":"2026-01-28","hours":2,"description":"Timesheet entry for 2026-01-28"}]}}
[2026-01-29T08:36:06.329Z] [INFO] Bulk save completed | {"created":1,"updated":0,"deleted":0,"failed":0,"errors":[]}
[2026-01-29T08:36:09.166Z] [INFO] Sync to BC started | {"tenantSlug":"empresa-demo","companyId":"b19e3410-5318-4dfc-8422-8c1ee47d957c"}
[2026-01-29T08:36:09.167Z] [INFO] Sync requested by user | {"resourceNo":"R0010"}
[2026-01-29T08:36:09.301Z] [INFO] Pending entries found | {"count":1,"companyId":"b19e3410-5318-4dfc-8422-8c1ee47d957c","resourceNo":"R0010"}
[2026-01-29T08:36:09.302Z] [DEBUG] Syncing entry to BC | {"entryId":"866fc4b8-d434-49df-b003-4f247946b76c","batch":"TT-ELY-WEB","description":"Timesheet entry for 2026-01-28"}
[2026-01-29T08:36:09.303Z] [DEBUG] Creating new BC journal line | {"entryId":"866fc4b8-d434-49df-b003-4f247946b76c"}
[2026-01-29T08:36:09.674Z] [ERROR] Failed to sync entry to BC | {"entryId":"866fc4b8-d434-49df-b003-4f247946b76c","error":{}}
[2026-01-29T08:36:09.890Z] [INFO] Sync to BC completed | {"synced":0,"failed":1,"batches":"","durationMs":656}
[2026-01-29T08:38:18.932Z] [INFO] Sync to BC started | {"tenantSlug":"empresa-demo","companyId":"b19e3410-5318-4dfc-8422-8c1ee47d957c"}
[2026-01-29T08:38:18.932Z] [INFO] Sync requested by user | {"resourceNo":"R0010"}
[2026-01-29T08:38:19.096Z] [INFO] Pending entries found | {"count":1,"companyId":"b19e3410-5318-4dfc-8422-8c1ee47d957c","resourceNo":"R0010"}
[2026-01-29T08:38:19.096Z] [DEBUG] Syncing entry to BC | {"entryId":"866fc4b8-d434-49df-b003-4f247946b76c","batch":"TT-ELY-WEB","description":"Timesheet entry for 2026-01-28"}
[2026-01-29T08:38:19.097Z] [DEBUG] Creating new BC journal line | {"entryId":"866fc4b8-d434-49df-b003-4f247946b76c"}
[2026-01-29T08:38:19.706Z] [ERROR] Failed to sync entry to BC | {"entryId":"866fc4b8-d434-49df-b003-4f247946b76c","error":{}}
[2026-01-29T08:38:19.898Z] [INFO] Sync to BC completed | {"synced":0,"failed":1,"batches":"","durationMs":905}
[2026-01-29T08:38:43.897Z] [INFO] Sync to BC started | {"tenantSlug":"empresa-demo","companyId":"b19e3410-5318-4dfc-8422-8c1ee47d957c"}
[2026-01-29T08:38:43.898Z] [INFO] Sync requested by user | {"resourceNo":"R0010"}
[2026-01-29T08:38:44.082Z] [INFO] Pending entries found | {"count":1,"companyId":"b19e3410-5318-4dfc-8422-8c1ee47d957c","resourceNo":"R0010"}
[2026-01-29T08:38:44.083Z] [DEBUG] Syncing entry to BC | {"entryId":"866fc4b8-d434-49df-b003-4f247946b76c","batch":"TT-ELY-WEB","description":"Timesheet entry for 2026-01-28"}
[2026-01-29T08:38:44.084Z] [DEBUG] Creating new BC journal line | {"entryId":"866fc4b8-d434-49df-b003-4f247946b76c"}
[2026-01-29T08:38:44.673Z] [ERROR] Failed to sync entry to BC | {"entryId":"866fc4b8-d434-49df-b003-4f247946b76c","error":{}}
[2026-01-29T08:38:44.911Z] [INFO] Sync to BC completed | {"synced":0,"failed":1,"batches":"","durationMs":944}
[2026-01-29T08:39:38.744Z] [INFO] Sync to BC started | {"tenantSlug":"empresa-demo","companyId":"b19e3410-5318-4dfc-8422-8c1ee47d957c"}
[2026-01-29T08:39:38.744Z] [INFO] Sync requested by user | {"resourceNo":"R0010"}
[2026-01-29T08:39:38.958Z] [INFO] Pending entries found | {"count":1,"companyId":"b19e3410-5318-4dfc-8422-8c1ee47d957c","resourceNo":"R0010"}
[2026-01-29T08:39:38.959Z] [DEBUG] Syncing entry to BC | {"entryId":"866fc4b8-d434-49df-b003-4f247946b76c","batch":"TT-ELY-WEB","description":"Timesheet entry for 2026-01-28"}
[2026-01-29T08:39:38.960Z] [DEBUG] Creating new BC journal line | {"entryId":"866fc4b8-d434-49df-b003-4f247946b76c"}
[2026-01-29T08:39:39.763Z] [ERROR] Failed to sync entry to BC | {"entryId":"866fc4b8-d434-49df-b003-4f247946b76c","error":{}}
[2026-01-29T08:39:40.402Z] [INFO] Sync to BC completed | {"synced":0,"failed":1,"batches":"","durationMs":1177}
[2026-01-29T08:40:51.353Z] [INFO] Sync to BC started | {"tenantSlug":"empresa-demo","companyId":"b19e3410-5318-4dfc-8422-8c1ee47d957c"}
[2026-01-29T08:40:51.354Z] [INFO] Sync requested by user | {"resourceNo":"R0010"}
[2026-01-29T08:40:51.481Z] [INFO] Pending entries found | {"count":1,"companyId":"b19e3410-5318-4dfc-8422-8c1ee47d957c","resourceNo":"R0010"}
[2026-01-29T08:40:51.482Z] [DEBUG] Syncing entry to BC | {"entryId":"866fc4b8-d434-49df-b003-4f247946b76c","batch":"TT-ELY-WEB","description":"Timesheet entry for 2026-01-28"}
[2026-01-29T08:40:51.482Z] [DEBUG] Creating new BC journal line | {"entryId":"866fc4b8-d434-49df-b003-4f247946b76c"}
[2026-01-29T08:40:51.798Z] [ERROR] Failed to sync entry to BC | {"entryId":"866fc4b8-d434-49df-b003-4f247946b76c","error":{}}
[2026-01-29T08:40:51.991Z] [INFO] Sync to BC completed | {"synced":0,"failed":1,"batches":"","durationMs":581}
[2026-01-29T08:40:56.029Z] [INFO] Sync to BC started | {"tenantSlug":"empresa-demo","companyId":"b19e3410-5318-4dfc-8422-8c1ee47d957c"}
[2026-01-29T08:40:56.030Z] [INFO] Sync requested by user | {"resourceNo":"R0010"}
[2026-01-29T08:40:56.164Z] [INFO] Pending entries found | {"count":1,"companyId":"b19e3410-5318-4dfc-8422-8c1ee47d957c","resourceNo":"R0010"}
[2026-01-29T08:40:56.164Z] [DEBUG] Syncing entry to BC | {"entryId":"866fc4b8-d434-49df-b003-4f247946b76c","batch":"TT-ELY-WEB","description":"Timesheet entry for 2026-01-28"}
[2026-01-29T08:40:56.165Z] [DEBUG] Creating new BC journal line | {"entryId":"866fc4b8-d434-49df-b003-4f247946b76c"}
[2026-01-29T08:40:56.498Z] [ERROR] Failed to sync entry to BC | {"entryId":"866fc4b8-d434-49df-b003-4f247946b76c","error":{}}
[2026-01-29T08:40:56.683Z] [INFO] Sync to BC completed | {"synced":0,"failed":1,"batches":"","durationMs":601}
[2026-01-29T08:42:10.054Z] [INFO] Sync to BC started | {"tenantSlug":"empresa-demo","companyId":"b19e3410-5318-4dfc-8422-8c1ee47d957c"}
[2026-01-29T08:42:10.055Z] [INFO] Sync requested by user | {"resourceNo":"R0010"}
[2026-01-29T08:42:10.183Z] [INFO] Pending entries found | {"count":1,"companyId":"b19e3410-5318-4dfc-8422-8c1ee47d957c","resourceNo":"R0010"}
[2026-01-29T08:42:10.184Z] [DEBUG] Syncing entry to BC | {"entryId":"866fc4b8-d434-49df-b003-4f247946b76c","batch":"TT-ELY-WEB","description":"Timesheet entry for 2026-01-28"}
[2026-01-29T08:42:10.185Z] [DEBUG] Creating new BC journal line | {"entryId":"866fc4b8-d434-49df-b003-4f247946b76c"}
[2026-01-29T08:42:10.548Z] [ERROR] Failed to sync entry to BC | {"entryId":"866fc4b8-d434-49df-b003-4f247946b76c","error":{}}
[2026-01-29T08:42:10.786Z] [INFO] Sync to BC completed | {"synced":0,"failed":1,"batches":"","durationMs":652}
[2026-01-29T08:42:53.585Z] [INFO] Bulk save time entries | {"tenant":"empresa-demo","rawData":{"companyId":"b19e3410-5318-4dfc-8422-8c1ee47d957c","entries":[{"bc_job_id":"DEMO","bc_task_id":"TASK 2","date":"2026-01-29","hours":3,"description":"Timesheet entry for 2026-01-29"}]}}
[2026-01-29T08:42:54.095Z] [INFO] Bulk save completed | {"created":1,"updated":0,"deleted":0,"failed":0,"errors":[]}
[2026-01-29T08:43:00.580Z] [INFO] Sync to BC started | {"tenantSlug":"empresa-demo","companyId":"b19e3410-5318-4dfc-8422-8c1ee47d957c"}
[2026-01-29T08:43:00.581Z] [INFO] Sync requested by user | {"resourceNo":"R0010"}
[2026-01-29T08:43:00.728Z] [INFO] Pending entries found | {"count":2,"companyId":"b19e3410-5318-4dfc-8422-8c1ee47d957c","resourceNo":"R0010"}
[2026-01-29T08:43:00.729Z] [DEBUG] Syncing entry to BC | {"entryId":"866fc4b8-d434-49df-b003-4f247946b76c","batch":"TT-ELY-WEB","description":"Timesheet entry for 2026-01-28"}
[2026-01-29T08:43:00.729Z] [DEBUG] Creating new BC journal line | {"entryId":"866fc4b8-d434-49df-b003-4f247946b76c"}
[2026-01-29T08:43:01.456Z] [ERROR] Failed to sync entry to BC | {"entryId":"866fc4b8-d434-49df-b003-4f247946b76c","error":{}}
[2026-01-29T08:43:01.605Z] [DEBUG] Syncing entry to BC | {"entryId":"36627ac7-bc12-4866-bb08-71cd865b7311","batch":"TT-ELY-WEB","description":"Timesheet entry for 2026-01-29"}
[2026-01-29T08:43:01.606Z] [DEBUG] Creating new BC journal line | {"entryId":"36627ac7-bc12-4866-bb08-71cd865b7311"}
[2026-01-29T08:43:02.114Z] [ERROR] Failed to sync entry to BC | {"entryId":"36627ac7-bc12-4866-bb08-71cd865b7311","error":{}}
[2026-01-29T08:43:02.318Z] [INFO] Sync to BC completed | {"synced":0,"failed":2,"batches":"","durationMs":1664}
[2026-01-29T08:43:49.821Z] [INFO] Sync to BC started | {"tenantSlug":"empresa-demo","companyId":"b19e3410-5318-4dfc-8422-8c1ee47d957c"}
[2026-01-29T08:43:49.822Z] [INFO] Sync requested by user | {"resourceNo":"R0010"}
[2026-01-29T08:43:49.953Z] [INFO] Pending entries found | {"count":2,"companyId":"b19e3410-5318-4dfc-8422-8c1ee47d957c","resourceNo":"R0010"}
[2026-01-29T08:43:49.954Z] [DEBUG] Syncing entry to BC | {"entryId":"866fc4b8-d434-49df-b003-4f247946b76c","batch":"TT-ELY-WEB","description":"Timesheet entry for 2026-01-28"}
[2026-01-29T08:43:49.954Z] [DEBUG] Creating new BC journal line | {"entryId":"866fc4b8-d434-49df-b003-4f247946b76c"}
[2026-01-29T08:43:50.274Z] [ERROR] Failed to sync entry to BC | {"entryId":"866fc4b8-d434-49df-b003-4f247946b76c","error":{}}
[2026-01-29T08:43:50.399Z] [DEBUG] Syncing entry to BC | {"entryId":"36627ac7-bc12-4866-bb08-71cd865b7311","batch":"TT-ELY-WEB","description":"Timesheet entry for 2026-01-29"}
[2026-01-29T08:43:50.400Z] [DEBUG] Creating new BC journal line | {"entryId":"36627ac7-bc12-4866-bb08-71cd865b7311"}
[2026-01-29T08:43:50.557Z] [ERROR] Failed to sync entry to BC | {"entryId":"36627ac7-bc12-4866-bb08-71cd865b7311","error":{}}
[2026-01-29T08:43:50.745Z] [INFO] Sync to BC completed | {"synced":0,"failed":2,"batches":"","durationMs":865}
[2026-01-29T08:44:52.827Z] [INFO] Sync to BC started | {"tenantSlug":"empresa-demo","companyId":"b19e3410-5318-4dfc-8422-8c1ee47d957c"}
[2026-01-29T08:44:52.830Z] [INFO] Sync requested by user | {"resourceNo":"R0010"}
[2026-01-29T08:44:53.043Z] [INFO] Pending entries found | {"count":2,"companyId":"b19e3410-5318-4dfc-8422-8c1ee47d957c","resourceNo":"R0010"}
[2026-01-29T08:44:53.046Z] [DEBUG] Syncing entry to BC | {"entryId":"866fc4b8-d434-49df-b003-4f247946b76c","batch":"TT-ELY-WEB","description":"Timesheet entry for 2026-01-28"}
[2026-01-29T08:44:53.047Z] [DEBUG] Creating new BC journal line | {"entryId":"866fc4b8-d434-49df-b003-4f247946b76c"}
[2026-01-29T08:44:53.759Z] [ERROR] Failed to sync entry to BC | {"entryId":"866fc4b8-d434-49df-b003-4f247946b76c","error":{}}
[2026-01-29T08:44:53.944Z] [DEBUG] Syncing entry to BC | {"entryId":"36627ac7-bc12-4866-bb08-71cd865b7311","batch":"TT-ELY-WEB","description":"Timesheet entry for 2026-01-29"}
[2026-01-29T08:44:53.945Z] [DEBUG] Creating new BC journal line | {"entryId":"36627ac7-bc12-4866-bb08-71cd865b7311"}
[2026-01-29T08:44:54.222Z] [ERROR] Failed to sync entry to BC | {"entryId":"36627ac7-bc12-4866-bb08-71cd865b7311","error":{}}
[2026-01-29T08:44:54.425Z] [INFO] Sync to BC completed | {"synced":0,"failed":2,"batches":"","durationMs":1533}
[2026-01-29T08:45:05.313Z] [INFO] Sync to BC started | {"tenantSlug":"empresa-demo","companyId":"b19e3410-5318-4dfc-8422-8c1ee47d957c"}
[2026-01-29T08:45:05.315Z] [INFO] Sync requested by user | {"resourceNo":"R0010"}
[2026-01-29T08:45:05.433Z] [INFO] Pending entries found | {"count":2,"companyId":"b19e3410-5318-4dfc-8422-8c1ee47d957c","resourceNo":"R0010"}
[2026-01-29T08:45:05.435Z] [DEBUG] Syncing entry to BC | {"entryId":"866fc4b8-d434-49df-b003-4f247946b76c","batch":"TT-ELY-WEB","description":"Timesheet entry for 2026-01-28"}
[2026-01-29T08:45:05.436Z] [DEBUG] Creating new BC journal line | {"entryId":"866fc4b8-d434-49df-b003-4f247946b76c"}
[2026-01-29T08:45:06.048Z] [ERROR] Failed to sync entry to BC | {"entryId":"866fc4b8-d434-49df-b003-4f247946b76c","error":{}}
[2026-01-29T08:45:06.167Z] [DEBUG] Syncing entry to BC | {"entryId":"36627ac7-bc12-4866-bb08-71cd865b7311","batch":"TT-ELY-WEB","description":"Timesheet entry for 2026-01-29"}
[2026-01-29T08:45:06.175Z] [DEBUG] Creating new BC journal line | {"entryId":"36627ac7-bc12-4866-bb08-71cd865b7311"}
[2026-01-29T08:45:06.504Z] [ERROR] Failed to sync entry to BC | {"entryId":"36627ac7-bc12-4866-bb08-71cd865b7311","error":{}}
[2026-01-29T08:45:06.702Z] [INFO] Sync to BC completed | {"synced":0,"failed":2,"batches":"","durationMs":1328}
[2026-01-29T08:45:57.877Z] [INFO] Sync to BC started | {"tenantSlug":"empresa-demo","companyId":"b19e3410-5318-4dfc-8422-8c1ee47d957c"}
[2026-01-29T08:45:57.877Z] [INFO] Sync requested by user | {"resourceNo":"R0010"}
[2026-01-29T08:45:58.244Z] [INFO] Pending entries found | {"count":2,"companyId":"b19e3410-5318-4dfc-8422-8c1ee47d957c","resourceNo":"R0010"}
[2026-01-29T08:45:58.245Z] [DEBUG] Syncing entry to BC | {"entryId":"866fc4b8-d434-49df-b003-4f247946b76c","batch":"TT-ELY-WEB","description":"Timesheet entry for 2026-01-28"}
[2026-01-29T08:45:58.245Z] [DEBUG] Creating new BC journal line | {"entryId":"866fc4b8-d434-49df-b003-4f247946b76c"}
[2026-01-29T08:45:59.009Z] [ERROR] Failed to sync entry to BC | {"entryId":"866fc4b8-d434-49df-b003-4f247946b76c","error":{}}
[2026-01-29T08:45:59.175Z] [DEBUG] Syncing entry to BC | {"entryId":"36627ac7-bc12-4866-bb08-71cd865b7311","batch":"TT-ELY-WEB","description":"Timesheet entry for 2026-01-29"}
[2026-01-29T08:45:59.175Z] [DEBUG] Creating new BC journal line | {"entryId":"36627ac7-bc12-4866-bb08-71cd865b7311"}
[2026-01-29T08:45:59.363Z] [ERROR] Failed to sync entry to BC | {"entryId":"36627ac7-bc12-4866-bb08-71cd865b7311","error":{}}
[2026-01-29T08:45:59.579Z] [INFO] Sync to BC completed | {"synced":0,"failed":2,"batches":"","durationMs":1630}
[2026-01-29T08:49:34.167Z] [INFO] Sync to BC started | {"tenantSlug":"empresa-demo","companyId":"b19e3410-5318-4dfc-8422-8c1ee47d957c"}
[2026-01-29T08:49:34.169Z] [INFO] Sync requested by user | {"resourceNo":"R0010"}
[2026-01-29T08:49:34.441Z] [INFO] Pending entries found | {"count":2,"companyId":"b19e3410-5318-4dfc-8422-8c1ee47d957c","resourceNo":"R0010"}
[2026-01-29T08:49:34.442Z] [DEBUG] Syncing entry to BC | {"entryId":"866fc4b8-d434-49df-b003-4f247946b76c","batch":"TT-ELY-WEB","description":"Timesheet entry for 2026-01-28"}
[2026-01-29T08:49:34.443Z] [DEBUG] Creating new BC journal line | {"entryId":"866fc4b8-d434-49df-b003-4f247946b76c"}
[2026-01-29T08:49:35.153Z] [ERROR] Failed to sync entry to BC | {"entryId":"866fc4b8-d434-49df-b003-4f247946b76c","error":{}}
[2026-01-29T08:49:35.303Z] [DEBUG] Syncing entry to BC | {"entryId":"36627ac7-bc12-4866-bb08-71cd865b7311","batch":"TT-ELY-WEB","description":"Timesheet entry for 2026-01-29"}
[2026-01-29T08:49:35.304Z] [DEBUG] Creating new BC journal line | {"entryId":"36627ac7-bc12-4866-bb08-71cd865b7311"}
[2026-01-29T08:49:35.468Z] [ERROR] Failed to sync entry to BC | {"entryId":"36627ac7-bc12-4866-bb08-71cd865b7311","error":{}}
[2026-01-29T08:49:35.669Z] [INFO] Sync to BC completed | {"synced":0,"failed":2,"batches":"","durationMs":1432}
[2026-01-29T08:51:49.480Z] [INFO] Sync to BC started | {"tenantSlug":"empresa-demo","companyId":"b19e3410-5318-4dfc-8422-8c1ee47d957c"}
[2026-01-29T08:51:49.480Z] [INFO] Sync requested by user | {"resourceNo":"R0010"}
[2026-01-29T08:51:49.791Z] [INFO] Pending entries found | {"count":2,"companyId":"b19e3410-5318-4dfc-8422-8c1ee47d957c","resourceNo":"R0010"}
[2026-01-29T08:51:49.792Z] [DEBUG] Syncing entry to BC | {"entryId":"866fc4b8-d434-49df-b003-4f247946b76c","batch":"TT-ELY-WEB","description":"Timesheet entry for 2026-01-28"}
[2026-01-29T08:51:49.792Z] [DEBUG] Creating new BC journal line | {"entryId":"866fc4b8-d434-49df-b003-4f247946b76c"}
[2026-01-29T08:51:50.544Z] [ERROR] Failed to sync entry to BC | {"entryId":"866fc4b8-d434-49df-b003-4f247946b76c","error":{}}
[2026-01-29T08:51:50.698Z] [DEBUG] Syncing entry to BC | {"entryId":"36627ac7-bc12-4866-bb08-71cd865b7311","batch":"TT-ELY-WEB","description":"Timesheet entry for 2026-01-29"}
[2026-01-29T08:51:50.709Z] [DEBUG] Creating new BC journal line | {"entryId":"36627ac7-bc12-4866-bb08-71cd865b7311"}
[2026-01-29T08:51:50.880Z] [ERROR] Failed to sync entry to BC | {"entryId":"36627ac7-bc12-4866-bb08-71cd865b7311","error":{}}
[2026-01-29T08:51:51.079Z] [INFO] Sync to BC completed | {"synced":0,"failed":2,"batches":"","durationMs":1537}
[2026-01-29T08:53:56.369Z] [INFO] Sync to BC started | {"tenantSlug":"empresa-demo","companyId":"b19e3410-5318-4dfc-8422-8c1ee47d957c"}
[2026-01-29T08:53:56.370Z] [INFO] Sync requested by user | {"resourceNo":"R0010"}
[2026-01-29T08:53:56.616Z] [INFO] Pending entries found | {"count":2,"companyId":"b19e3410-5318-4dfc-8422-8c1ee47d957c","resourceNo":"R0010"}
[2026-01-29T08:53:56.616Z] [DEBUG] Syncing entry to BC | {"entryId":"866fc4b8-d434-49df-b003-4f247946b76c","batch":"TT-ELY-WEB","description":"Timesheet entry for 2026-01-28"}
[2026-01-29T08:53:56.617Z] [DEBUG] Creating new BC journal line | {"entryId":"866fc4b8-d434-49df-b003-4f247946b76c"}
[2026-01-29T08:53:57.336Z] [ERROR] Failed to sync entry to BC | {"entryId":"866fc4b8-d434-49df-b003-4f247946b76c","error":{}}
[2026-01-29T08:53:57.483Z] [DEBUG] Syncing entry to BC | {"entryId":"36627ac7-bc12-4866-bb08-71cd865b7311","batch":"TT-ELY-WEB","description":"Timesheet entry for 2026-01-29"}
[2026-01-29T08:53:57.483Z] [DEBUG] Creating new BC journal line | {"entryId":"36627ac7-bc12-4866-bb08-71cd865b7311"}
[2026-01-29T08:53:57.627Z] [ERROR] Failed to sync entry to BC | {"entryId":"36627ac7-bc12-4866-bb08-71cd865b7311","error":{}}
[2026-01-29T08:53:57.845Z] [INFO] Sync to BC completed | {"synced":0,"failed":2,"batches":"","durationMs":1413}
[2026-01-29T08:56:15.980Z] [INFO] Sync to BC started | {"tenantSlug":"empresa-demo","companyId":"b19e3410-5318-4dfc-8422-8c1ee47d957c"}
[2026-01-29T08:56:15.981Z] [INFO] Sync requested by user | {"resourceNo":"R0010"}
[2026-01-29T08:56:16.639Z] [INFO] Pending entries found | {"count":2,"companyId":"b19e3410-5318-4dfc-8422-8c1ee47d957c","resourceNo":"R0010"}
[2026-01-29T08:56:16.642Z] [DEBUG] Syncing entry to BC | {"entryId":"866fc4b8-d434-49df-b003-4f247946b76c","batch":"TT-ELY-WEB","description":"Timesheet entry for 2026-01-28"}
[2026-01-29T08:56:16.646Z] [DEBUG] Creating new BC journal line | {"entryId":"866fc4b8-d434-49df-b003-4f247946b76c"}
[2026-01-29T08:56:17.583Z] [ERROR] Failed to sync entry to BC | {"entryId":"866fc4b8-d434-49df-b003-4f247946b76c","error":{}}
[2026-01-29T08:56:17.820Z] [DEBUG] Syncing entry to BC | {"entryId":"36627ac7-bc12-4866-bb08-71cd865b7311","batch":"TT-ELY-WEB","description":"Timesheet entry for 2026-01-29"}
[2026-01-29T08:56:17.821Z] [DEBUG] Creating new BC journal line | {"entryId":"36627ac7-bc12-4866-bb08-71cd865b7311"}
[2026-01-29T08:56:18.004Z] [ERROR] Failed to sync entry to BC | {"entryId":"36627ac7-bc12-4866-bb08-71cd865b7311","error":{}}
[2026-01-29T08:56:18.247Z] [INFO] Sync to BC completed | {"synced":0,"failed":2,"batches":"","durationMs":2176}
[2026-01-29T08:59:01.770Z] [INFO] Sync to BC started | {"tenantSlug":"empresa-demo","companyId":"b19e3410-5318-4dfc-8422-8c1ee47d957c"}
[2026-01-29T08:59:01.772Z] [INFO] Sync requested by user | {"resourceNo":"R0010"}
[2026-01-29T08:59:02.096Z] [INFO] Pending entries found | {"count":2,"companyId":"b19e3410-5318-4dfc-8422-8c1ee47d957c","resourceNo":"R0010"}
[2026-01-29T08:59:02.097Z] [DEBUG] Syncing entry to BC | {"entryId":"866fc4b8-d434-49df-b003-4f247946b76c","batch":"TT-ELY-WEB","description":"Timesheet entry for 2026-01-28"}
[2026-01-29T08:59:02.097Z] [DEBUG] Creating new BC journal line | {"entryId":"866fc4b8-d434-49df-b003-4f247946b76c"}
[2026-01-29T08:59:02.828Z] [ERROR] Failed to sync entry to BC | {"entryId":"866fc4b8-d434-49df-b003-4f247946b76c","error":{}}
[2026-01-29T08:59:03.000Z] [DEBUG] Syncing entry to BC | {"entryId":"36627ac7-bc12-4866-bb08-71cd865b7311","batch":"TT-ELY-WEB","description":"Timesheet entry for 2026-01-29"}
[2026-01-29T08:59:03.001Z] [DEBUG] Creating new BC journal line | {"entryId":"36627ac7-bc12-4866-bb08-71cd865b7311"}
[2026-01-29T08:59:03.147Z] [ERROR] Failed to sync entry to BC | {"entryId":"36627ac7-bc12-4866-bb08-71cd865b7311","error":{}}
[2026-01-29T08:59:03.348Z] [INFO] Sync to BC completed | {"synced":0,"failed":2,"batches":"","durationMs":1516}
[2026-01-29T09:00:00.340Z] [INFO] Sync to BC started | {"tenantSlug":"empresa-demo","companyId":"b19e3410-5318-4dfc-8422-8c1ee47d957c"}
[2026-01-29T09:00:00.341Z] [INFO] Sync requested by user | {"resourceNo":"R0010"}
[2026-01-29T09:00:01.178Z] [INFO] Pending entries found | {"count":2,"companyId":"b19e3410-5318-4dfc-8422-8c1ee47d957c","resourceNo":"R0010"}
[2026-01-29T09:00:01.179Z] [DEBUG] Syncing entry to BC | {"entryId":"866fc4b8-d434-49df-b003-4f247946b76c","batch":"TT-ELY-WEB","description":"Timesheet entry for 2026-01-28"}
[2026-01-29T09:00:01.180Z] [DEBUG] Creating new BC journal line | {"entryId":"866fc4b8-d434-49df-b003-4f247946b76c"}
[2026-01-29T09:00:02.176Z] [ERROR] Failed to sync entry to BC | {"entryId":"866fc4b8-d434-49df-b003-4f247946b76c","error":{}}
[2026-01-29T09:00:02.431Z] [DEBUG] Syncing entry to BC | {"entryId":"36627ac7-bc12-4866-bb08-71cd865b7311","batch":"TT-ELY-WEB","description":"Timesheet entry for 2026-01-29"}
[2026-01-29T09:00:02.432Z] [DEBUG] Creating new BC journal line | {"entryId":"36627ac7-bc12-4866-bb08-71cd865b7311"}
[2026-01-29T09:00:02.620Z] [ERROR] Failed to sync entry to BC | {"entryId":"36627ac7-bc12-4866-bb08-71cd865b7311","error":{}}
[2026-01-29T09:00:02.911Z] [INFO] Sync to BC completed | {"synced":0,"failed":2,"batches":"","durationMs":2464}
[2026-01-29T09:00:21.461Z] [INFO] Sync to BC started | {"tenantSlug":"empresa-demo","companyId":"b19e3410-5318-4dfc-8422-8c1ee47d957c"}
[2026-01-29T09:00:21.463Z] [INFO] Sync requested by user | {"resourceNo":"R0010"}
[2026-01-29T09:00:21.679Z] [INFO] Pending entries found | {"count":2,"companyId":"b19e3410-5318-4dfc-8422-8c1ee47d957c","resourceNo":"R0010"}
[2026-01-29T09:00:21.679Z] [DEBUG] Syncing entry to BC | {"entryId":"866fc4b8-d434-49df-b003-4f247946b76c","batch":"TT-ELY-WEB","description":"Timesheet entry for 2026-01-28"}
[2026-01-29T09:00:21.680Z] [DEBUG] Creating new BC journal line | {"entryId":"866fc4b8-d434-49df-b003-4f247946b76c"}
[2026-01-29T09:00:22.483Z] [ERROR] Failed to sync entry to BC | {"entryId":"866fc4b8-d434-49df-b003-4f247946b76c","error":{}}
[2026-01-29T09:00:22.699Z] [DEBUG] Syncing entry to BC | {"entryId":"36627ac7-bc12-4866-bb08-71cd865b7311","batch":"TT-ELY-WEB","description":"Timesheet entry for 2026-01-29"}
[2026-01-29T09:00:22.700Z] [DEBUG] Creating new BC journal line | {"entryId":"36627ac7-bc12-4866-bb08-71cd865b7311"}
[2026-01-29T09:00:22.852Z] [ERROR] Failed to sync entry to BC | {"entryId":"36627ac7-bc12-4866-bb08-71cd865b7311","error":{}}
[2026-01-29T09:00:23.123Z] [INFO] Sync to BC completed | {"synced":0,"failed":2,"batches":"","durationMs":1566}
[2026-01-29T09:02:59.745Z] [INFO] Sync to BC started | {"tenantSlug":"empresa-demo","companyId":"b19e3410-5318-4dfc-8422-8c1ee47d957c"}
[2026-01-29T09:02:59.746Z] [INFO] Sync requested by user | {"resourceNo":"R0010"}
[2026-01-29T09:03:00.620Z] [INFO] Pending entries found | {"count":2,"companyId":"b19e3410-5318-4dfc-8422-8c1ee47d957c","resourceNo":"R0010"}
[2026-01-29T09:03:00.621Z] [DEBUG] Syncing entry to BC | {"entryId":"866fc4b8-d434-49df-b003-4f247946b76c","batch":"TT-ELY-WEB","description":"Timesheet entry for 2026-01-28"}
[2026-01-29T09:03:00.621Z] [DEBUG] Creating new BC journal line | {"entryId":"866fc4b8-d434-49df-b003-4f247946b76c"}
[2026-01-29T09:03:01.341Z] [ERROR] Failed to sync entry to BC | {"entryId":"866fc4b8-d434-49df-b003-4f247946b76c","error":{}}
[2026-01-29T09:03:01.545Z] [DEBUG] Syncing entry to BC | {"entryId":"36627ac7-bc12-4866-bb08-71cd865b7311","batch":"TT-ELY-WEB","description":"Timesheet entry for 2026-01-29"}
[2026-01-29T09:03:01.545Z] [DEBUG] Creating new BC journal line | {"entryId":"36627ac7-bc12-4866-bb08-71cd865b7311"}
[2026-01-29T09:03:01.713Z] [ERROR] Failed to sync entry to BC | {"entryId":"36627ac7-bc12-4866-bb08-71cd865b7311","error":{}}
[2026-01-29T09:03:01.921Z] [INFO] Sync to BC completed | {"synced":0,"failed":2,"batches":"","durationMs":2107}
[2026-01-29T09:05:03.775Z] [INFO] Sync to BC started | {"tenantSlug":"empresa-demo","companyId":"b19e3410-5318-4dfc-8422-8c1ee47d957c"}
[2026-01-29T09:05:03.775Z] [INFO] Sync requested by user | {"resourceNo":"R0010"}
[2026-01-29T09:05:04.063Z] [INFO] Pending entries found | {"count":2,"companyId":"b19e3410-5318-4dfc-8422-8c1ee47d957c","resourceNo":"R0010"}
[2026-01-29T09:05:04.064Z] [DEBUG] Syncing entry to BC | {"entryId":"866fc4b8-d434-49df-b003-4f247946b76c","batch":"TT-ELY-WEB","description":"Timesheet entry for 2026-01-28"}
[2026-01-29T09:05:04.064Z] [DEBUG] Creating new BC journal line | {"entryId":"866fc4b8-d434-49df-b003-4f247946b76c"}
[2026-01-29T09:05:04.628Z] [ERROR] Failed to sync entry to BC | {"entryId":"866fc4b8-d434-49df-b003-4f247946b76c","error":{}}
[2026-01-29T09:05:04.799Z] [DEBUG] Syncing entry to BC | {"entryId":"36627ac7-bc12-4866-bb08-71cd865b7311","batch":"TT-ELY-WEB","description":"Timesheet entry for 2026-01-29"}
[2026-01-29T09:05:04.800Z] [DEBUG] Creating new BC journal line | {"entryId":"36627ac7-bc12-4866-bb08-71cd865b7311"}
[2026-01-29T09:05:05.024Z] [ERROR] Failed to sync entry to BC | {"entryId":"36627ac7-bc12-4866-bb08-71cd865b7311","error":{}}
[2026-01-29T09:05:05.255Z] [INFO] Sync to BC completed | {"synced":0,"failed":2,"batches":"","durationMs":1401}
[2026-01-29T09:06:52.114Z] [INFO] Sync to BC started | {"tenantSlug":"empresa-demo","companyId":"b19e3410-5318-4dfc-8422-8c1ee47d957c"}
[2026-01-29T09:06:52.115Z] [INFO] Sync requested by user | {"resourceNo":"R0010"}
[2026-01-29T09:06:52.328Z] [INFO] Pending entries found | {"count":2,"companyId":"b19e3410-5318-4dfc-8422-8c1ee47d957c","resourceNo":"R0010"}
[2026-01-29T09:06:52.329Z] [DEBUG] Syncing entry to BC | {"entryId":"866fc4b8-d434-49df-b003-4f247946b76c","batch":"TT-ELY-WEB","description":"Timesheet entry for 2026-01-28"}
[2026-01-29T09:06:52.330Z] [DEBUG] Creating new BC journal line | {"entryId":"866fc4b8-d434-49df-b003-4f247946b76c"}
[2026-01-29T09:06:53.090Z] [ERROR] Failed to sync entry to BC | {"entryId":"866fc4b8-d434-49df-b003-4f247946b76c","error":{}}
[2026-01-29T09:06:53.253Z] [DEBUG] Syncing entry to BC | {"entryId":"36627ac7-bc12-4866-bb08-71cd865b7311","batch":"TT-ELY-WEB","description":"Timesheet entry for 2026-01-29"}
[2026-01-29T09:06:53.254Z] [DEBUG] Creating new BC journal line | {"entryId":"36627ac7-bc12-4866-bb08-71cd865b7311"}
[2026-01-29T09:06:53.419Z] [ERROR] Failed to sync entry to BC | {"entryId":"36627ac7-bc12-4866-bb08-71cd865b7311","error":{}}
[2026-01-29T09:06:53.638Z] [INFO] Sync to BC completed | {"synced":0,"failed":2,"batches":"","durationMs":1447}
[2026-01-29T09:08:16.961Z] [INFO] Sync to BC started | {"tenantSlug":"empresa-demo","companyId":"b19e3410-5318-4dfc-8422-8c1ee47d957c"}
[2026-01-29T09:08:16.962Z] [INFO] Sync requested by user | {"resourceNo":"R0010"}
[2026-01-29T09:08:17.253Z] [INFO] Pending entries found | {"count":2,"companyId":"b19e3410-5318-4dfc-8422-8c1ee47d957c","resourceNo":"R0010"}
[2026-01-29T09:08:17.254Z] [DEBUG] Syncing entry to BC | {"entryId":"866fc4b8-d434-49df-b003-4f247946b76c","batch":"TT-ELY-WEB","description":"Timesheet entry for 2026-01-28"}
[2026-01-29T09:08:17.255Z] [DEBUG] Creating new BC journal line | {"entryId":"866fc4b8-d434-49df-b003-4f247946b76c"}
[2026-01-29T09:08:17.917Z] [ERROR] Failed to sync entry to BC | {"entryId":"866fc4b8-d434-49df-b003-4f247946b76c","error":{}}
[2026-01-29T09:08:18.090Z] [DEBUG] Syncing entry to BC | {"entryId":"36627ac7-bc12-4866-bb08-71cd865b7311","batch":"TT-ELY-WEB","description":"Timesheet entry for 2026-01-29"}
[2026-01-29T09:08:18.090Z] [DEBUG] Creating new BC journal line | {"entryId":"36627ac7-bc12-4866-bb08-71cd865b7311"}
[2026-01-29T09:08:18.264Z] [ERROR] Failed to sync entry to BC | {"entryId":"36627ac7-bc12-4866-bb08-71cd865b7311","error":{}}
[2026-01-29T09:08:18.511Z] [INFO] Sync to BC completed | {"synced":0,"failed":2,"batches":"","durationMs":1483}
[2026-01-29T10:12:25.943Z] [INFO] Sync to BC started | {"tenantSlug":"empresa-demo","companyId":"b19e3410-5318-4dfc-8422-8c1ee47d957c"}
[2026-01-29T10:12:25.948Z] [INFO] Sync requested by user | {"resourceNo":"R0010"}
[2026-01-29T10:12:26.200Z] [INFO] Pending entries found | {"count":2,"companyId":"b19e3410-5318-4dfc-8422-8c1ee47d957c","resourceNo":"R0010"}
[2026-01-29T10:12:26.203Z] [DEBUG] Syncing entry to BC | {"entryId":"866fc4b8-d434-49df-b003-4f247946b76c","batch":"TT-ELY-WEB","description":"Timesheet entry for 2026-01-28"}
[2026-01-29T10:12:26.206Z] [DEBUG] Creating new BC journal line | {"entryId":"866fc4b8-d434-49df-b003-4f247946b76c"}
[2026-01-29T10:12:27.728Z] [ERROR] Failed to sync entry to BC | {"entryId":"866fc4b8-d434-49df-b003-4f247946b76c","error":{}}
[2026-01-29T10:12:27.951Z] [DEBUG] Syncing entry to BC | {"entryId":"36627ac7-bc12-4866-bb08-71cd865b7311","batch":"TT-ELY-WEB","description":"Timesheet entry for 2026-01-29"}
[2026-01-29T10:12:27.952Z] [DEBUG] Creating new BC journal line | {"entryId":"36627ac7-bc12-4866-bb08-71cd865b7311"}
[2026-01-29T10:12:28.223Z] [ERROR] Failed to sync entry to BC | {"entryId":"36627ac7-bc12-4866-bb08-71cd865b7311","error":{}}
[2026-01-29T10:12:28.471Z] [INFO] Sync to BC completed | {"synced":0,"failed":2,"batches":"","durationMs":2433}
